Testing with email: testuser_1768374599662@example.com
--- Testing Sign Up ---
Γ£à Sign Up Successful
User: {
  email: 'testuser_1768374599662@example.com',
  _id: '69674147b81383bf47ca9a5a',
  __v: 0
}
Token: Present

--- Testing Login ---
Γ£à Login Successful
User: {
  _id: '69674147b81383bf47ca9a5a',
  email: 'testuser_1768374599662@example.com',
  __v: 0
}
Token: Present
